[92mINFO [0m:      Starting Flower SuperLink
[93mWARNING [0m:   Option `--insecure` was set. Starting insecure HTTP server with unencrypted communication (TLS disabled). Proceed only if you understand the risks.
[93mWARNING [0m:   SuperNode authentication is disabled. The SuperLink will accept connections from any SuperNode.
[92mINFO [0m:      Flower Deployment Runtime: Starting Control API on 0.0.0.0:9093
[92mINFO [0m:      Flower Deployment Runtime: Starting ServerAppIo API on 0.0.0.0:9091
[92mINFO [0m:      Flower Deployment Runtime: Starting Fleet API (gRPC-rere) on 0.0.0.0:9092
[92mINFO [0m:      [Fleet.ActivateNode] Activated node_id=14193131002541315788
[92mINFO [0m:      [Fleet.ActivateNode] Activated node_id=534778404919651386
[92mINFO [0m:      [Fleet.ActivateNode] Activated node_id=7592026731574171850
[92mINFO [0m:      [Fleet.PullMessages] node_id=14193131002541315788
[92mINFO [0m:      [Fleet.PullMessages] node_id=7592026731574171850
[92mINFO [0m:      [Fleet.PullMessages] node_id=534778404919651386
[92mINFO [0m:      Starting Flower SuperExec
[92mINFO [0m:      [Fleet.PullMessages] node_id=14193131002541315788
[92mINFO [0m:      [Fleet.PullMessages] node_id=7592026731574171850
[92mINFO [0m:      [Fleet.PullMessages] node_id=534778404919651386
[92mINFO [0m:      [Fleet.PullMessages] node_id=14193131002541315788
[92mINFO [0m:      [Fleet.PullMessages] node_id=7592026731574171850
[92mINFO [0m:      [Fleet.PullMessages] node_id=534778404919651386
[92mINFO [0m:      [Fleet.PullMessages] node_id=14193131002541315788
[92mINFO [0m:      [Fleet.PullMessages] node_id=7592026731574171850
[92mINFO [0m:      [Fleet.PullMessages] node_id=534778404919651386
[92mINFO [0m:      ControlServicer.StartRun
[92mINFO [0m:      Created RunType.SERVER_APP run 3673573067706272173
[92mINFO [0m:      ControlServicer.StreamLogs
[92mINFO [0m:      Starting run 3673573067706272173
[92mINFO [0m:      [Fleet.PullMessages] node_id=14193131002541315788
[92mINFO [0m:      [Fleet.PullMessages] node_id=7592026731574171850
[92mINFO [0m:      [Fleet.PullMessages] node_id=534778404919651386
[92mINFO [0m:      [Fleet.PullMessages] node_id=14193131002541315788
[92mINFO [0m:      [Fleet.GetRun] Requesting `Run` for run_id=3673573067706272173
[92mINFO [0m:      [Fleet.PullMessages] node_id=7592026731574171850
[92mINFO [0m:      [Fleet.GetFab] Requesting FAB for fab_hash=15d0518ecb708432d1cf0fe0d837061805a1049c206761aa9ae97371ca12df43
[92mINFO [0m:      [Fleet.PullMessages] node_id=534778404919651386
[92mINFO [0m:      [Fleet.GetRun] Requesting `Run` for run_id=3673573067706272173
[92mINFO [0m:      [Fleet.GetRun] Requesting `Run` for run_id=3673573067706272173
[92mINFO [0m:      [Fleet.GetFab] Requesting FAB for fab_hash=15d0518ecb708432d1cf0fe0d837061805a1049c206761aa9ae97371ca12df43
[92mINFO [0m:      [Fleet.GetFab] Requesting FAB for fab_hash=15d0518ecb708432d1cf0fe0d837061805a1049c206761aa9ae97371ca12df43
[92mINFO [0m:      ControlServicer.StreamLogs
[92mINFO [0m:      ControlServicer.StreamLogs
[92mINFO [0m:      [Fleet.PushMessages] Push replies from node_id=14193131002541315788
[92mINFO [0m:      [Fleet.PullMessages] node_id=14193131002541315788
[92mINFO [0m:      [Fleet.PullMessages] node_id=14193131002541315788
[92mINFO [0m:      [Fleet.PullMessages] node_id=14193131002541315788
[92mINFO [0m:      [Fleet.PullMessages] node_id=14193131002541315788
[92mINFO [0m:      [Fleet.PullMessages] node_id=14193131002541315788
[92mINFO [0m:      [Fleet.PullMessages] node_id=14193131002541315788
[92mINFO [0m:      [Fleet.PullMessages] node_id=14193131002541315788
[92mINFO [0m:      ControlServicer.StreamLogs
[92mINFO [0m:      [Fleet.PullMessages] node_id=14193131002541315788
[92mINFO [0m:      [Fleet.PullMessages] node_id=14193131002541315788
[92mINFO [0m:      [Fleet.PushMessages] Push replies from node_id=7592026731574171850
[92mINFO [0m:      [Fleet.PullMessages] node_id=7592026731574171850
[92mINFO [0m:      [Fleet.PullMessages] node_id=14193131002541315788
[92mINFO [0m:      [Fleet.PullMessages] node_id=7592026731574171850
[92mINFO [0m:      [Fleet.PullMessages] node_id=14193131002541315788
[92mINFO [0m:      [Fleet.PullMessages] node_id=7592026731574171850
[92mINFO [0m:      [Fleet.PullMessages] node_id=14193131002541315788
[92mINFO [0m:      [Fleet.PullMessages] node_id=7592026731574171850
[92mINFO [0m:      [Fleet.PullMessages] node_id=14193131002541315788
[92mINFO [0m:      [Fleet.PullMessages] node_id=7592026731574171850
[92mINFO [0m:      [Fleet.PushMessages] Push replies from node_id=534778404919651386
[92mINFO [0m:      [Fleet.PullMessages] node_id=534778404919651386
[92mINFO [0m:      [Fleet.PullMessages] node_id=14193131002541315788
[92mINFO [0m:      [Fleet.PullMessages] node_id=7592026731574171850
[92mINFO [0m:      [Fleet.PullMessages] node_id=534778404919651386
[92mINFO [0m:      [Fleet.PushMessages] Push replies from node_id=14193131002541315788
[92mINFO [0m:      [Fleet.PullMessages] node_id=14193131002541315788
[92mINFO [0m:      [Fleet.PushMessages] Push replies from node_id=7592026731574171850
[92mINFO [0m:      [Fleet.PullMessages] node_id=7592026731574171850
[92mINFO [0m:      [Fleet.PushMessages] Push replies from node_id=534778404919651386
[92mINFO [0m:      [Fleet.PullMessages] node_id=534778404919651386
[92mINFO [0m:      [Fleet.PullMessages] node_id=14193131002541315788
[92mINFO [0m:      [Fleet.PullMessages] node_id=7592026731574171850
[92mINFO [0m:      [Fleet.PullMessages] node_id=534778404919651386
[92mINFO [0m:      ControlServicer.StreamLogs
[92mINFO [0m:      ControlServicer.StreamLogs
[92mINFO [0m:      ControlServicer.StreamLogs
[92mINFO [0m:      [Fleet.PushMessages] Push replies from node_id=14193131002541315788
[92mINFO [0m:      [Fleet.PullMessages] node_id=14193131002541315788
[92mINFO [0m:      [Fleet.PullMessages] node_id=14193131002541315788
[92mINFO [0m:      [Fleet.PullMessages] node_id=14193131002541315788
[92mINFO [0m:      [Fleet.PullMessages] node_id=14193131002541315788
[92mINFO [0m:      [Fleet.PullMessages] node_id=14193131002541315788
[92mINFO [0m:      [Fleet.PullMessages] node_id=14193131002541315788
[92mINFO [0m:      ControlServicer.StreamLogs
[92mINFO [0m:      [Fleet.PullMessages] node_id=14193131002541315788
[92mINFO [0m:      [Fleet.PullMessages] node_id=14193131002541315788
[92mINFO [0m:      [Fleet.PullMessages] node_id=14193131002541315788
[92mINFO [0m:      [Fleet.PullMessages] node_id=14193131002541315788
[92mINFO [0m:      [Fleet.PullMessages] node_id=14193131002541315788
[92mINFO [0m:      [Fleet.PullMessages] node_id=14193131002541315788
[92mINFO [0m:      [Fleet.PullMessages] node_id=14193131002541315788
[92mINFO [0m:      [Fleet.PullMessages] node_id=14193131002541315788
[92mINFO [0m:      [Fleet.PullMessages] node_id=14193131002541315788
[92mINFO [0m:      [Fleet.PushMessages] Push replies from node_id=7592026731574171850
[92mINFO [0m:      [Fleet.PullMessages] node_id=7592026731574171850
[92mINFO [0m:      [Fleet.PullMessages] node_id=14193131002541315788
[92mINFO [0m:      [Fleet.PushMessages] Push replies from node_id=534778404919651386
[92mINFO [0m:      [Fleet.PullMessages] node_id=534778404919651386
[92mINFO [0m:      [Fleet.PullMessages] node_id=7592026731574171850
[92mINFO [0m:      [Fleet.PullMessages] node_id=14193131002541315788
[92mINFO [0m:      [Fleet.PullMessages] node_id=534778404919651386
[92mINFO [0m:      [Fleet.PullMessages] node_id=7592026731574171850
[92mINFO [0m:      [Fleet.PushMessages] Push replies from node_id=534778404919651386
[92mINFO [0m:      [Fleet.PullMessages] node_id=534778404919651386
[92mINFO [0m:      [Fleet.PushMessages] Push replies from node_id=14193131002541315788
[92mINFO [0m:      [Fleet.PullMessages] node_id=14193131002541315788
[92mINFO [0m:      [Fleet.PushMessages] Push replies from node_id=7592026731574171850
[92mINFO [0m:      [Fleet.PullMessages] node_id=7592026731574171850
[92mINFO [0m:      [Fleet.PullMessages] node_id=534778404919651386
[92mINFO [0m:      [Fleet.PullMessages] node_id=14193131002541315788
[92mINFO [0m:      [Fleet.PullMessages] node_id=7592026731574171850
[92mINFO [0m:      ControlServicer.StreamLogs
[92mINFO [0m:      ControlServicer.StreamLogs
[92mINFO [0m:      ControlServicer.StreamLogs
[92mINFO [0m:      [Fleet.PushMessages] Push replies from node_id=14193131002541315788
[92mINFO [0m:      [Fleet.PullMessages] node_id=14193131002541315788
[92mINFO [0m:      [Fleet.PullMessages] node_id=14193131002541315788
[92mINFO [0m:      [Fleet.PullMessages] node_id=14193131002541315788
[92mINFO [0m:      [Fleet.PullMessages] node_id=14193131002541315788
[92mINFO [0m:      [Fleet.PullMessages] node_id=14193131002541315788
[92mINFO [0m:      [Fleet.PullMessages] node_id=14193131002541315788
[92mINFO [0m:      [Fleet.PullMessages] node_id=14193131002541315788
[92mINFO [0m:      [Fleet.PullMessages] node_id=14193131002541315788
[92mINFO [0m:      [Fleet.PushMessages] Push replies from node_id=534778404919651386
[92mINFO [0m:      [Fleet.PullMessages] node_id=534778404919651386
[92mINFO [0m:      [Fleet.PullMessages] node_id=14193131002541315788
[92mINFO [0m:      [Fleet.PushMessages] Push replies from node_id=7592026731574171850
[92mINFO [0m:      [Fleet.PullMessages] node_id=534778404919651386
[92mINFO [0m:      [Fleet.PullMessages] node_id=7592026731574171850
[92mINFO [0m:      [Fleet.PullMessages] node_id=14193131002541315788
[92mINFO [0m:      [Fleet.PullMessages] node_id=534778404919651386
[92mINFO [0m:      [Fleet.PullMessages] node_id=7592026731574171850
[92mINFO [0m:      [Fleet.PushMessages] Push replies from node_id=14193131002541315788
[92mINFO [0m:      [Fleet.PullMessages] node_id=14193131002541315788
[92mINFO [0m:      [Fleet.PushMessages] Push replies from node_id=534778404919651386
[92mINFO [0m:      [Fleet.PullMessages] node_id=534778404919651386
[92mINFO [0m:      [Fleet.PushMessages] Push replies from node_id=7592026731574171850
[92mINFO [0m:      [Fleet.PullMessages] node_id=7592026731574171850
[92mINFO [0m:      [Fleet.PullMessages] node_id=14193131002541315788
[92mINFO [0m:      ControlServicer.StreamLogs
[92mINFO [0m:      [Fleet.PullMessages] node_id=534778404919651386
[92mINFO [0m:      [Fleet.PullMessages] node_id=7592026731574171850
[92mINFO [0m:      [Fleet.PullMessages] node_id=14193131002541315788
[92mINFO [0m:      ControlServicer.StreamLogs
[92mINFO [0m:      ControlServicer.StreamLogs
[92mINFO [0m:      ControlServicer.StreamLogs
[92mINFO [0m:      [Fleet.PushMessages] Push replies from node_id=7592026731574171850
[92mINFO [0m:      [Fleet.PullMessages] node_id=7592026731574171850
[92mINFO [0m:      [Fleet.PullMessages] node_id=7592026731574171850
[92mINFO [0m:      [Fleet.PullMessages] node_id=7592026731574171850
[92mINFO [0m:      [Fleet.PushMessages] Push replies from node_id=14193131002541315788
[92mINFO [0m:      [Fleet.PullMessages] node_id=14193131002541315788
[92mINFO [0m:      [Fleet.PushMessages] Push replies from node_id=534778404919651386
[92mINFO [0m:      [Fleet.PullMessages] node_id=534778404919651386
[92mINFO [0m:      [Fleet.PullMessages] node_id=7592026731574171850
[92mINFO [0m:      [Fleet.PullMessages] node_id=14193131002541315788
[92mINFO [0m:      [Fleet.PullMessages] node_id=534778404919651386
[92mINFO [0m:      [Fleet.PushMessages] Push replies from node_id=7592026731574171850
[92mINFO [0m:      [Fleet.PullMessages] node_id=7592026731574171850
[92mINFO [0m:      [Fleet.PushMessages] Push replies from node_id=14193131002541315788
[92mINFO [0m:      [Fleet.PullMessages] node_id=14193131002541315788
[92mINFO [0m:      [Fleet.PushMessages] Push replies from node_id=534778404919651386
[92mINFO [0m:      [Fleet.PullMessages] node_id=534778404919651386
[92mINFO [0m:      [Fleet.PullMessages] node_id=7592026731574171850
[92mINFO [0m:      [Fleet.PullMessages] node_id=14193131002541315788
[92mINFO [0m:      [Fleet.PullMessages] node_id=534778404919651386
[92mINFO [0m:      ControlServicer.StreamLogs
[92mINFO [0m:      ControlServicer.StreamLogs
[92mINFO [0m:      ControlServicer.StreamLogs
[92mINFO [0m:      [Fleet.PushMessages] Push replies from node_id=7592026731574171850
[92mINFO [0m:      [Fleet.PullMessages] node_id=7592026731574171850
[92mINFO [0m:      [Fleet.PullMessages] node_id=7592026731574171850
[92mINFO [0m:      [Fleet.PullMessages] node_id=7592026731574171850
[92mINFO [0m:      [Fleet.PullMessages] node_id=7592026731574171850
[92mINFO [0m:      [Fleet.PullMessages] node_id=7592026731574171850
[92mINFO [0m:      [Fleet.PullMessages] node_id=7592026731574171850
[92mINFO [0m:      [Fleet.PullMessages] node_id=7592026731574171850
[92mINFO [0m:      [Fleet.PullMessages] node_id=7592026731574171850
[92mINFO [0m:      [Fleet.PushMessages] Push replies from node_id=14193131002541315788
[92mINFO [0m:      [Fleet.PullMessages] node_id=14193131002541315788
[92mINFO [0m:      [Fleet.PullMessages] node_id=7592026731574171850
[92mINFO [0m:      [Fleet.PullMessages] node_id=14193131002541315788
[92mINFO [0m:      ControlServicer.StreamLogs
[92mINFO [0m:      [Fleet.PullMessages] node_id=7592026731574171850
[92mINFO [0m:      [Fleet.PullMessages] node_id=14193131002541315788
[92mINFO [0m:      [Fleet.PullMessages] node_id=7592026731574171850
[92mINFO [0m:      [Fleet.PushMessages] Push replies from node_id=534778404919651386
[92mINFO [0m:      [Fleet.PullMessages] node_id=534778404919651386
[92mINFO [0m:      [Fleet.PullMessages] node_id=14193131002541315788
[92mINFO [0m:      [Fleet.PullMessages] node_id=7592026731574171850
[92mINFO [0m:      [Fleet.PullMessages] node_id=534778404919651386
[92mINFO [0m:      [Fleet.PullMessages] node_id=14193131002541315788
[92mINFO [0m:      [Fleet.PullMessages] node_id=7592026731574171850
[92mINFO [0m:      [Fleet.PushMessages] Push replies from node_id=534778404919651386
[92mINFO [0m:      [Fleet.PullMessages] node_id=534778404919651386
[92mINFO [0m:      [Fleet.PushMessages] Push replies from node_id=14193131002541315788
[92mINFO [0m:      [Fleet.PullMessages] node_id=14193131002541315788
[92mINFO [0m:      [Fleet.PushMessages] Push replies from node_id=7592026731574171850
[92mINFO [0m:      [Fleet.PullMessages] node_id=7592026731574171850
[92mINFO [0m:      [Fleet.PullMessages] node_id=534778404919651386
[92mINFO [0m:      All logs for run ID `3673573067706272173` returned
[92mINFO [0m:      [Fleet.PullMessages] node_id=14193131002541315788
[92mINFO [0m:      [Fleet.PullMessages] node_id=7592026731574171850
[92mINFO [0m:      [Fleet.PullMessages] node_id=534778404919651386
[92mINFO [0m:      [Fleet.PullMessages] node_id=14193131002541315788
[92mINFO [0m:      [Fleet.PullMessages] node_id=7592026731574171850
[92mINFO [0m:      [Fleet.PullMessages] node_id=534778404919651386
[92mINFO [0m:      [Fleet.PullMessages] node_id=14193131002541315788
[92mINFO [0m:      [Fleet.PullMessages] node_id=7592026731574171850
[92mINFO [0m:      [Fleet.PullMessages] node_id=534778404919651386
[92mINFO [0m:      [Fleet.PullMessages] node_id=14193131002541315788
[92mINFO [0m:      [Fleet.PullMessages] node_id=7592026731574171850
[92mINFO [0m:      [Fleet.PullMessages] node_id=534778404919651386
[92mINFO [0m:      [Fleet.PullMessages] node_id=14193131002541315788
[92mINFO [0m:      [Fleet.PullMessages] node_id=7592026731574171850
[92mINFO [0m:      [Fleet.PullMessages] node_id=534778404919651386
[92mINFO [0m:      [Fleet.PullMessages] node_id=14193131002541315788
[92mINFO [0m:      [Fleet.PullMessages] node_id=7592026731574171850
[92mINFO [0m:      [Fleet.PullMessages] node_id=534778404919651386
[92mINFO [0m:      [Fleet.PullMessages] node_id=14193131002541315788
[92mINFO [0m:      [Fleet.PullMessages] node_id=7592026731574171850
[92mINFO [0m:      [Fleet.PullMessages] node_id=534778404919651386
[92mINFO [0m:      [Fleet.PullMessages] node_id=14193131002541315788
[92mINFO [0m:      [Fleet.PullMessages] node_id=7592026731574171850
[92mINFO [0m:      [Fleet.PullMessages] node_id=534778404919651386
[92mINFO [0m:      [Fleet.PullMessages] node_id=14193131002541315788
[92mINFO [0m:      [Fleet.PullMessages] node_id=7592026731574171850
[92mINFO [0m:      [Fleet.PullMessages] node_id=534778404919651386
[92mINFO [0m:      [Fleet.PullMessages] node_id=14193131002541315788
[92mINFO [0m:      [Fleet.PullMessages] node_id=7592026731574171850
[92mINFO [0m:      [Fleet.PullMessages] node_id=534778404919651386
[92mINFO [0m:      [Fleet.PullMessages] node_id=14193131002541315788
[92mINFO [0m:      [Fleet.PullMessages] node_id=7592026731574171850
[92mINFO [0m:      [Fleet.PullMessages] node_id=534778404919651386
[92mINFO [0m:      [Fleet.PullMessages] node_id=14193131002541315788
[92mINFO [0m:      [Fleet.PullMessages] node_id=7592026731574171850
[92mINFO [0m:      [Fleet.PullMessages] node_id=534778404919651386
[92mINFO [0m:      [Fleet.PullMessages] node_id=14193131002541315788
[92mINFO [0m:      [Fleet.PullMessages] node_id=7592026731574171850
[92mINFO [0m:      [Fleet.PullMessages] node_id=534778404919651386
[92mINFO [0m:      [Fleet.PullMessages] node_id=14193131002541315788
[92mINFO [0m:      [Fleet.PullMessages] node_id=7592026731574171850
[92mINFO [0m:      [Fleet.PullMessages] node_id=534778404919651386
[92mINFO [0m:      [Fleet.PullMessages] node_id=14193131002541315788
[92mINFO [0m:      [Fleet.PullMessages] node_id=7592026731574171850
[92mINFO [0m:      [Fleet.PullMessages] node_id=534778404919651386
[92mINFO [0m:      [Fleet.PullMessages] node_id=14193131002541315788
[92mINFO [0m:      [Fleet.PullMessages] node_id=7592026731574171850
[92mINFO [0m:      [Fleet.PullMessages] node_id=534778404919651386
[92mINFO [0m:      [Fleet.PullMessages] node_id=14193131002541315788
[92mINFO [0m:      [Fleet.PullMessages] node_id=7592026731574171850
[92mINFO [0m:      [Fleet.PullMessages] node_id=534778404919651386
[92mINFO [0m:      [Fleet.PullMessages] node_id=14193131002541315788
[92mINFO [0m:      [Fleet.PullMessages] node_id=7592026731574171850
[92mINFO [0m:      [Fleet.PullMessages] node_id=534778404919651386
[92mINFO [0m:      [Fleet.PullMessages] node_id=14193131002541315788
[92mINFO [0m:      [Fleet.PullMessages] node_id=7592026731574171850
[92mINFO [0m:      [Fleet.PullMessages] node_id=534778404919651386
[92mINFO [0m:      [Fleet.PullMessages] node_id=14193131002541315788
[92mINFO [0m:      [Fleet.PullMessages] node_id=7592026731574171850
[92mINFO [0m:      [Fleet.PullMessages] node_id=534778404919651386
[92mINFO [0m:      [Fleet.PullMessages] node_id=14193131002541315788
[92mINFO [0m:      [Fleet.PullMessages] node_id=7592026731574171850
[92mINFO [0m:      [Fleet.PullMessages] node_id=534778404919651386
[92mINFO [0m:      [Fleet.PullMessages] node_id=14193131002541315788
[92mINFO [0m:      [Fleet.PullMessages] node_id=7592026731574171850
[92mINFO [0m:      [Fleet.PullMessages] node_id=534778404919651386
[92mINFO [0m:      [Fleet.PullMessages] node_id=14193131002541315788
[92mINFO [0m:      [Fleet.PullMessages] node_id=7592026731574171850
[92mINFO [0m:      [Fleet.PullMessages] node_id=534778404919651386
[92mINFO [0m:      [Fleet.PullMessages] node_id=14193131002541315788
[92mINFO [0m:      [Fleet.PullMessages] node_id=7592026731574171850
[92mINFO [0m:      [Fleet.PullMessages] node_id=534778404919651386
[92mINFO [0m:      [Fleet.PullMessages] node_id=14193131002541315788
[92mINFO [0m:      [Fleet.PullMessages] node_id=7592026731574171850
[92mINFO [0m:      [Fleet.PullMessages] node_id=534778404919651386
[92mINFO [0m:      [Fleet.PullMessages] node_id=14193131002541315788
[92mINFO [0m:      [Fleet.PullMessages] node_id=7592026731574171850
[92mINFO [0m:      [Fleet.PullMessages] node_id=534778404919651386
[92mINFO [0m:      [Fleet.PullMessages] node_id=14193131002541315788
[92mINFO [0m:      [Fleet.PullMessages] node_id=7592026731574171850
[92mINFO [0m:      [Fleet.PullMessages] node_id=534778404919651386
[92mINFO [0m:      [Fleet.PullMessages] node_id=14193131002541315788
[92mINFO [0m:      [Fleet.PullMessages] node_id=7592026731574171850
[92mINFO [0m:      [Fleet.PullMessages] node_id=534778404919651386
[92mINFO [0m:      [Fleet.PullMessages] node_id=14193131002541315788
[92mINFO [0m:      [Fleet.PullMessages] node_id=7592026731574171850
[92mINFO [0m:      [Fleet.PullMessages] node_id=534778404919651386
[92mINFO [0m:      [Fleet.PullMessages] node_id=14193131002541315788
[92mINFO [0m:      [Fleet.PullMessages] node_id=7592026731574171850
[92mINFO [0m:      [Fleet.PullMessages] node_id=534778404919651386
[92mINFO [0m:      [Fleet.PullMessages] node_id=14193131002541315788
[92mINFO [0m:      [Fleet.PullMessages] node_id=7592026731574171850
[92mINFO [0m:      [Fleet.PullMessages] node_id=534778404919651386
[92mINFO [0m:      [Fleet.PullMessages] node_id=14193131002541315788
[92mINFO [0m:      [Fleet.PullMessages] node_id=7592026731574171850
[92mINFO [0m:      [Fleet.PullMessages] node_id=534778404919651386
[92mINFO [0m:      [Fleet.PullMessages] node_id=14193131002541315788
[92mINFO [0m:      [Fleet.PullMessages] node_id=7592026731574171850
[92mINFO [0m:      [Fleet.PullMessages] node_id=534778404919651386
[92mINFO [0m:      [Fleet.PullMessages] node_id=14193131002541315788
[92mINFO [0m:      [Fleet.PullMessages] node_id=7592026731574171850
[92mINFO [0m:      [Fleet.PullMessages] node_id=534778404919651386
[92mINFO [0m:      [Fleet.PullMessages] node_id=14193131002541315788
[92mINFO [0m:      [Fleet.PullMessages] node_id=7592026731574171850
[92mINFO [0m:      [Fleet.PullMessages] node_id=534778404919651386
[92mINFO [0m:      [Fleet.PullMessages] node_id=14193131002541315788
[92mINFO [0m:      [Fleet.PullMessages] node_id=7592026731574171850
[92mINFO [0m:      [Fleet.PullMessages] node_id=534778404919651386
[92mINFO [0m:      [Fleet.PullMessages] node_id=14193131002541315788
[92mINFO [0m:      [Fleet.PullMessages] node_id=7592026731574171850
[92mINFO [0m:      [Fleet.PullMessages] node_id=534778404919651386
[92mINFO [0m:      [Fleet.PullMessages] node_id=14193131002541315788
[92mINFO [0m:      [Fleet.PullMessages] node_id=7592026731574171850
[92mINFO [0m:      [Fleet.PullMessages] node_id=534778404919651386
[92mINFO [0m:      [Fleet.PullMessages] node_id=14193131002541315788
[92mINFO [0m:      [Fleet.PullMessages] node_id=7592026731574171850
[92mINFO [0m:      [Fleet.PullMessages] node_id=534778404919651386
[92mINFO [0m:      [Fleet.PullMessages] node_id=14193131002541315788
[92mINFO [0m:      [Fleet.PullMessages] node_id=7592026731574171850
[92mINFO [0m:      [Fleet.PullMessages] node_id=534778404919651386
[92mINFO [0m:      [Fleet.PullMessages] node_id=14193131002541315788
[92mINFO [0m:      [Fleet.PullMessages] node_id=7592026731574171850
[92mINFO [0m:      [Fleet.PullMessages] node_id=534778404919651386
[92mINFO [0m:      [Fleet.PullMessages] node_id=14193131002541315788
[92mINFO [0m:      [Fleet.PullMessages] node_id=7592026731574171850
[92mINFO [0m:      [Fleet.PullMessages] node_id=534778404919651386
[92mINFO [0m:      [Fleet.PullMessages] node_id=14193131002541315788
[92mINFO [0m:      [Fleet.PullMessages] node_id=7592026731574171850
[92mINFO [0m:      [Fleet.PullMessages] node_id=534778404919651386
[92mINFO [0m:      [Fleet.PullMessages] node_id=14193131002541315788
[92mINFO [0m:      [Fleet.PullMessages] node_id=7592026731574171850
[92mINFO [0m:      [Fleet.PullMessages] node_id=534778404919651386
[92mINFO [0m:      [Fleet.PullMessages] node_id=14193131002541315788
[92mINFO [0m:      [Fleet.PullMessages] node_id=7592026731574171850
[92mINFO [0m:      [Fleet.PullMessages] node_id=534778404919651386
[92mINFO [0m:      [Fleet.PullMessages] node_id=14193131002541315788
[92mINFO [0m:      [Fleet.PullMessages] node_id=7592026731574171850
[92mINFO [0m:      [Fleet.PullMessages] node_id=534778404919651386
[92mINFO [0m:      [Fleet.PullMessages] node_id=14193131002541315788
[92mINFO [0m:      [Fleet.PullMessages] node_id=7592026731574171850
[92mINFO [0m:      [Fleet.PullMessages] node_id=534778404919651386
[92mINFO [0m:      [Fleet.PullMessages] node_id=14193131002541315788
[92mINFO [0m:      [Fleet.PullMessages] node_id=7592026731574171850
[92mINFO [0m:      [Fleet.PullMessages] node_id=534778404919651386
[92mINFO [0m:      [Fleet.PullMessages] node_id=14193131002541315788
[92mINFO [0m:      [Fleet.PullMessages] node_id=7592026731574171850
[92mINFO [0m:      [Fleet.PullMessages] node_id=534778404919651386
[92mINFO [0m:      [Fleet.PullMessages] node_id=14193131002541315788
[92mINFO [0m:      [Fleet.PullMessages] node_id=7592026731574171850
[92mINFO [0m:      [Fleet.PullMessages] node_id=534778404919651386
[92mINFO [0m:      [Fleet.PullMessages] node_id=14193131002541315788
[92mINFO [0m:      [Fleet.PullMessages] node_id=7592026731574171850
[92mINFO [0m:      [Fleet.PullMessages] node_id=534778404919651386
[92mINFO [0m:      [Fleet.PullMessages] node_id=14193131002541315788
[92mINFO [0m:      [Fleet.PullMessages] node_id=7592026731574171850
[92mINFO [0m:      [Fleet.PullMessages] node_id=534778404919651386
[92mINFO [0m:      [Fleet.PullMessages] node_id=14193131002541315788
[92mINFO [0m:      [Fleet.PullMessages] node_id=7592026731574171850
[92mINFO [0m:      [Fleet.PullMessages] node_id=534778404919651386
[92mINFO [0m:      [Fleet.PullMessages] node_id=14193131002541315788
[92mINFO [0m:      [Fleet.PullMessages] node_id=7592026731574171850
[92mINFO [0m:      [Fleet.PullMessages] node_id=534778404919651386
[92mINFO [0m:      [Fleet.PullMessages] node_id=14193131002541315788
[92mINFO [0m:      [Fleet.PullMessages] node_id=7592026731574171850
[92mINFO [0m:      [Fleet.PullMessages] node_id=534778404919651386
[92mINFO [0m:      [Fleet.PullMessages] node_id=14193131002541315788
[92mINFO [0m:      [Fleet.PullMessages] node_id=7592026731574171850
[92mINFO [0m:      [Fleet.PullMessages] node_id=534778404919651386
[92mINFO [0m:      [Fleet.PullMessages] node_id=14193131002541315788
[92mINFO [0m:      [Fleet.PullMessages] node_id=7592026731574171850
[92mINFO [0m:      [Fleet.PullMessages] node_id=534778404919651386
[92mINFO [0m:      [Fleet.PullMessages] node_id=14193131002541315788
[92mINFO [0m:      [Fleet.PullMessages] node_id=7592026731574171850
[92mINFO [0m:      [Fleet.PullMessages] node_id=534778404919651386
[92mINFO [0m:      [Fleet.PullMessages] node_id=14193131002541315788
[92mINFO [0m:      [Fleet.PullMessages] node_id=7592026731574171850
[92mINFO [0m:      [Fleet.PullMessages] node_id=534778404919651386
[92mINFO [0m:      [Fleet.PullMessages] node_id=14193131002541315788
[92mINFO [0m:      [Fleet.PullMessages] node_id=7592026731574171850
[92mINFO [0m:      [Fleet.PullMessages] node_id=534778404919651386
[92mINFO [0m:      [Fleet.PullMessages] node_id=14193131002541315788
[92mINFO [0m:      [Fleet.PullMessages] node_id=7592026731574171850
[92mINFO [0m:      [Fleet.PullMessages] node_id=534778404919651386
[92mINFO [0m:      [Fleet.PullMessages] node_id=14193131002541315788
[92mINFO [0m:      [Fleet.PullMessages] node_id=7592026731574171850
