[92mINFO [0m:      Starting Flower SuperLink
[93mWARNING [0m:   Option `--insecure` was set. Starting insecure HTTP server with unencrypted communication (TLS disabled). Proceed only if you understand the risks.
[93mWARNING [0m:   SuperNode authentication is disabled. The SuperLink will accept connections from any SuperNode.
[92mINFO [0m:      Flower Deployment Runtime: Starting Control API on 0.0.0.0:9093
[92mINFO [0m:      Flower Deployment Runtime: Starting ServerAppIo API on 0.0.0.0:9091
[92mINFO [0m:      Flower Deployment Runtime: Starting Fleet API (gRPC-rere) on 0.0.0.0:9092
[92mINFO [0m:      [Fleet.ActivateNode] Activated node_id=4367155705390843133
[92mINFO [0m:      [Fleet.PullMessages] node_id=4367155705390843133
[92mINFO [0m:      [Fleet.ActivateNode] Activated node_id=1274389506632144046
[92mINFO [0m:      [Fleet.PullMessages] node_id=1274389506632144046
[92mINFO [0m:      [Fleet.ActivateNode] Activated node_id=8549345360498088008
[92mINFO [0m:      [Fleet.PullMessages] node_id=8549345360498088008
[92mINFO [0m:      Starting Flower SuperExec
[92mINFO [0m:      [Fleet.PullMessages] node_id=4367155705390843133
[92mINFO [0m:      [Fleet.PullMessages] node_id=1274389506632144046
[92mINFO [0m:      [Fleet.PullMessages] node_id=8549345360498088008
[92mINFO [0m:      [Fleet.PullMessages] node_id=4367155705390843133
[92mINFO [0m:      [Fleet.PullMessages] node_id=1274389506632144046
[92mINFO [0m:      [Fleet.PullMessages] node_id=8549345360498088008
[92mINFO [0m:      [Fleet.PullMessages] node_id=4367155705390843133
[92mINFO [0m:      [Fleet.PullMessages] node_id=1274389506632144046
[92mINFO [0m:      ControlServicer.StartRun
[92mINFO [0m:      Created RunType.SERVER_APP run 9262696620412784758
[92mINFO [0m:      ControlServicer.StreamLogs
[92mINFO [0m:      [Fleet.PullMessages] node_id=8549345360498088008
[92mINFO [0m:      Starting run 9262696620412784758
[92mINFO [0m:      [Fleet.PullMessages] node_id=4367155705390843133
[92mINFO [0m:      [Fleet.PullMessages] node_id=1274389506632144046
[92mINFO [0m:      [Fleet.PullMessages] node_id=8549345360498088008
[92mINFO [0m:      [Fleet.PullMessages] node_id=4367155705390843133
[92mINFO [0m:      [Fleet.GetRun] Requesting `Run` for run_id=9262696620412784758
[92mINFO [0m:      [Fleet.GetFab] Requesting FAB for fab_hash=6fd936aa62e6a66e2c869efeae45caeb7e7f451561e0b1d1d321802a2e9a1789
[92mINFO [0m:      [Fleet.PullMessages] node_id=1274389506632144046
[92mINFO [0m:      [Fleet.GetRun] Requesting `Run` for run_id=9262696620412784758
[92mINFO [0m:      [Fleet.GetFab] Requesting FAB for fab_hash=6fd936aa62e6a66e2c869efeae45caeb7e7f451561e0b1d1d321802a2e9a1789
[92mINFO [0m:      [Fleet.PullMessages] node_id=8549345360498088008
[92mINFO [0m:      [Fleet.GetRun] Requesting `Run` for run_id=9262696620412784758
[92mINFO [0m:      [Fleet.GetFab] Requesting FAB for fab_hash=6fd936aa62e6a66e2c869efeae45caeb7e7f451561e0b1d1d321802a2e9a1789
[92mINFO [0m:      ControlServicer.StreamLogs
[92mINFO [0m:      ControlServicer.StreamLogs
[92mINFO [0m:      ControlServicer.StreamLogs
[92mINFO [0m:      [Fleet.PushMessages] Push replies from node_id=8549345360498088008
[92mINFO [0m:      [Fleet.PullMessages] node_id=8549345360498088008
[92mINFO [0m:      [Fleet.PullMessages] node_id=8549345360498088008
[92mINFO [0m:      [Fleet.PullMessages] node_id=8549345360498088008
[92mINFO [0m:      [Fleet.PullMessages] node_id=8549345360498088008
[92mINFO [0m:      [Fleet.PullMessages] node_id=8549345360498088008
[92mINFO [0m:      [Fleet.PullMessages] node_id=8549345360498088008
[92mINFO [0m:      [Fleet.PullMessages] node_id=8549345360498088008
[92mINFO [0m:      ControlServicer.StreamLogs
[92mINFO [0m:      [Fleet.PullMessages] node_id=8549345360498088008
[92mINFO [0m:      [Fleet.PullMessages] node_id=8549345360498088008
[92mINFO [0m:      [Fleet.PullMessages] node_id=8549345360498088008
[92mINFO [0m:      [Fleet.PullMessages] node_id=8549345360498088008
[92mINFO [0m:      [Fleet.PullMessages] node_id=8549345360498088008
[92mINFO [0m:      [Fleet.PullMessages] node_id=8549345360498088008
[92mINFO [0m:      [Fleet.PushMessages] Push replies from node_id=1274389506632144046
[92mINFO [0m:      [Fleet.PullMessages] node_id=1274389506632144046
[92mINFO [0m:      [Fleet.PullMessages] node_id=8549345360498088008
[92mINFO [0m:      [Fleet.PullMessages] node_id=1274389506632144046
[92mINFO [0m:      [Fleet.PullMessages] node_id=8549345360498088008
[92mINFO [0m:      [Fleet.PushMessages] Push replies from node_id=4367155705390843133
[92mINFO [0m:      [Fleet.PullMessages] node_id=4367155705390843133
[92mINFO [0m:      [Fleet.PullMessages] node_id=1274389506632144046
[92mINFO [0m:      [Fleet.PullMessages] node_id=8549345360498088008
[92mINFO [0m:      [Fleet.PullMessages] node_id=4367155705390843133
[92mINFO [0m:      [Fleet.PushMessages] Push replies from node_id=4367155705390843133
[92mINFO [0m:      [Fleet.PullMessages] node_id=4367155705390843133
[92mINFO [0m:      [Fleet.PushMessages] Push replies from node_id=1274389506632144046
[92mINFO [0m:      [Fleet.PullMessages] node_id=1274389506632144046
[92mINFO [0m:      [Fleet.PushMessages] Push replies from node_id=8549345360498088008
[92mINFO [0m:      [Fleet.PullMessages] node_id=8549345360498088008
[92mINFO [0m:      [Fleet.PullMessages] node_id=4367155705390843133
[92mINFO [0m:      [Fleet.PullMessages] node_id=1274389506632144046
[92mINFO [0m:      [Fleet.PullMessages] node_id=8549345360498088008
[92mINFO [0m:      ControlServicer.StreamLogs
[92mINFO [0m:      ControlServicer.StreamLogs
[92mINFO [0m:      ControlServicer.StreamLogs
[92mINFO [0m:      [Fleet.PushMessages] Push replies from node_id=1274389506632144046
[92mINFO [0m:      [Fleet.PullMessages] node_id=1274389506632144046
[92mINFO [0m:      [Fleet.PullMessages] node_id=1274389506632144046
[92mINFO [0m:      [Fleet.PullMessages] node_id=1274389506632144046
[92mINFO [0m:      [Fleet.PullMessages] node_id=1274389506632144046
[92mINFO [0m:      [Fleet.PullMessages] node_id=1274389506632144046
[92mINFO [0m:      [Fleet.PullMessages] node_id=1274389506632144046
[92mINFO [0m:      [Fleet.PullMessages] node_id=1274389506632144046
[92mINFO [0m:      [Fleet.PullMessages] node_id=1274389506632144046
[92mINFO [0m:      [Fleet.PullMessages] node_id=1274389506632144046
[92mINFO [0m:      [Fleet.PullMessages] node_id=1274389506632144046
[92mINFO [0m:      [Fleet.PushMessages] Push replies from node_id=8549345360498088008
[92mINFO [0m:      [Fleet.PullMessages] node_id=1274389506632144046
[92mINFO [0m:      [Fleet.PullMessages] node_id=8549345360498088008
[92mINFO [0m:      [Fleet.PullMessages] node_id=1274389506632144046
[92mINFO [0m:      [Fleet.PullMessages] node_id=8549345360498088008
[92mINFO [0m:      ControlServicer.StreamLogs
[92mINFO [0m:      [Fleet.PullMessages] node_id=1274389506632144046
[92mINFO [0m:      [Fleet.PullMessages] node_id=8549345360498088008
[92mINFO [0m:      [Fleet.PullMessages] node_id=1274389506632144046
[92mINFO [0m:      [Fleet.PullMessages] node_id=8549345360498088008
[92mINFO [0m:      [Fleet.PushMessages] Push replies from node_id=4367155705390843133
[92mINFO [0m:      [Fleet.PullMessages] node_id=4367155705390843133
[92mINFO [0m:      [Fleet.PullMessages] node_id=1274389506632144046
[92mINFO [0m:      [Fleet.PullMessages] node_id=8549345360498088008
[92mINFO [0m:      [Fleet.PullMessages] node_id=4367155705390843133
[92mINFO [0m:      [Fleet.PullMessages] node_id=1274389506632144046
[92mINFO [0m:      [Fleet.PullMessages] node_id=8549345360498088008
[92mINFO [0m:      [Fleet.PushMessages] Push replies from node_id=4367155705390843133
[92mINFO [0m:      [Fleet.PullMessages] node_id=4367155705390843133
[92mINFO [0m:      [Fleet.PushMessages] Push replies from node_id=1274389506632144046
[92mINFO [0m:      [Fleet.PullMessages] node_id=1274389506632144046
[92mINFO [0m:      [Fleet.PullMessages] node_id=4367155705390843133
[92mINFO [0m:      [Fleet.PushMessages] Push replies from node_id=8549345360498088008
[92mINFO [0m:      [Fleet.PullMessages] node_id=8549345360498088008
[92mINFO [0m:      [Fleet.PullMessages] node_id=1274389506632144046
[92mINFO [0m:      [Fleet.PullMessages] node_id=4367155705390843133
[92mINFO [0m:      [Fleet.PullMessages] node_id=8549345360498088008
[92mINFO [0m:      ControlServicer.StreamLogs
[92mINFO [0m:      ControlServicer.StreamLogs
[92mINFO [0m:      ControlServicer.StreamLogs
[92mINFO [0m:      [Fleet.PushMessages] Push replies from node_id=8549345360498088008
[92mINFO [0m:      [Fleet.PullMessages] node_id=8549345360498088008
[92mINFO [0m:      [Fleet.PullMessages] node_id=8549345360498088008
[92mINFO [0m:      [Fleet.PullMessages] node_id=8549345360498088008
[92mINFO [0m:      [Fleet.PullMessages] node_id=8549345360498088008
[92mINFO [0m:      [Fleet.PullMessages] node_id=8549345360498088008
[92mINFO [0m:      [Fleet.PullMessages] node_id=8549345360498088008
[92mINFO [0m:      [Fleet.PushMessages] Push replies from node_id=4367155705390843133
[92mINFO [0m:      [Fleet.PullMessages] node_id=4367155705390843133
[92mINFO [0m:      [Fleet.PullMessages] node_id=8549345360498088008
[92mINFO [0m:      [Fleet.PullMessages] node_id=4367155705390843133
[92mINFO [0m:      [Fleet.PullMessages] node_id=8549345360498088008
[92mINFO [0m:      [Fleet.PullMessages] node_id=4367155705390843133
[92mINFO [0m:      [Fleet.PullMessages] node_id=8549345360498088008
[92mINFO [0m:      [Fleet.PullMessages] node_id=4367155705390843133
[92mINFO [0m:      [Fleet.PullMessages] node_id=8549345360498088008
[92mINFO [0m:      [Fleet.PullMessages] node_id=4367155705390843133
[92mINFO [0m:      ControlServicer.StreamLogs
[92mINFO [0m:      [Fleet.PullMessages] node_id=8549345360498088008
[92mINFO [0m:      [Fleet.PullMessages] node_id=4367155705390843133
[92mINFO [0m:      [Fleet.PullMessages] node_id=8549345360498088008
[92mINFO [0m:      [Fleet.PushMessages] Push replies from node_id=1274389506632144046
[92mINFO [0m:      [Fleet.PullMessages] node_id=1274389506632144046
[92mINFO [0m:      [Fleet.PullMessages] node_id=4367155705390843133
[92mINFO [0m:      [Fleet.PullMessages] node_id=8549345360498088008
[92mINFO [0m:      [Fleet.PullMessages] node_id=1274389506632144046
[92mINFO [0m:      [Fleet.PullMessages] node_id=4367155705390843133
[92mINFO [0m:      [Fleet.PushMessages] Push replies from node_id=8549345360498088008
[92mINFO [0m:      [Fleet.PullMessages] node_id=8549345360498088008
[92mINFO [0m:      [Fleet.PushMessages] Push replies from node_id=4367155705390843133
[92mINFO [0m:      [Fleet.PullMessages] node_id=4367155705390843133
[92mINFO [0m:      [Fleet.PushMessages] Push replies from node_id=1274389506632144046
[92mINFO [0m:      [Fleet.PullMessages] node_id=1274389506632144046
[92mINFO [0m:      [Fleet.PullMessages] node_id=8549345360498088008
[92mINFO [0m:      [Fleet.PullMessages] node_id=4367155705390843133
[92mINFO [0m:      [Fleet.PullMessages] node_id=1274389506632144046
[92mINFO [0m:      [Fleet.PullMessages] node_id=8549345360498088008
[92mINFO [0m:      ControlServicer.StreamLogs
[92mINFO [0m:      ControlServicer.StreamLogs
[92mINFO [0m:      ControlServicer.StreamLogs
[92mINFO [0m:      [Fleet.PushMessages] Push replies from node_id=4367155705390843133
[92mINFO [0m:      [Fleet.PullMessages] node_id=4367155705390843133
[92mINFO [0m:      [Fleet.PullMessages] node_id=4367155705390843133
[92mINFO [0m:      [Fleet.PushMessages] Push replies from node_id=8549345360498088008
[92mINFO [0m:      [Fleet.PullMessages] node_id=8549345360498088008
[92mINFO [0m:      [Fleet.PullMessages] node_id=4367155705390843133
[92mINFO [0m:      [Fleet.PullMessages] node_id=8549345360498088008
[92mINFO [0m:      [Fleet.PullMessages] node_id=4367155705390843133
[92mINFO [0m:      [Fleet.PullMessages] node_id=8549345360498088008
[92mINFO [0m:      [Fleet.PushMessages] Push replies from node_id=1274389506632144046
[92mINFO [0m:      [Fleet.PullMessages] node_id=1274389506632144046
[92mINFO [0m:      [Fleet.PullMessages] node_id=4367155705390843133
[92mINFO [0m:      [Fleet.PullMessages] node_id=8549345360498088008
[92mINFO [0m:      [Fleet.PullMessages] node_id=1274389506632144046
[92mINFO [0m:      [Fleet.PullMessages] node_id=4367155705390843133
[92mINFO [0m:      [Fleet.PushMessages] Push replies from node_id=8549345360498088008
[92mINFO [0m:      [Fleet.PullMessages] node_id=8549345360498088008
[92mINFO [0m:      [Fleet.PushMessages] Push replies from node_id=1274389506632144046
[92mINFO [0m:      [Fleet.PullMessages] node_id=1274389506632144046
[92mINFO [0m:      [Fleet.PushMessages] Push replies from node_id=4367155705390843133
[92mINFO [0m:      [Fleet.PullMessages] node_id=4367155705390843133
[92mINFO [0m:      [Fleet.PullMessages] node_id=8549345360498088008
[92mINFO [0m:      [Fleet.PullMessages] node_id=1274389506632144046
[92mINFO [0m:      [Fleet.PullMessages] node_id=4367155705390843133
[92mINFO [0m:      [Fleet.PullMessages] node_id=8549345360498088008
[92mINFO [0m:      ControlServicer.StreamLogs
[92mINFO [0m:      ControlServicer.StreamLogs
[92mINFO [0m:      ControlServicer.StreamLogs
[92mINFO [0m:      ControlServicer.StreamLogs
[92mINFO [0m:      [Fleet.PushMessages] Push replies from node_id=8549345360498088008
[92mINFO [0m:      [Fleet.PullMessages] node_id=8549345360498088008
[92mINFO [0m:      [Fleet.PullMessages] node_id=8549345360498088008
[92mINFO [0m:      [Fleet.PullMessages] node_id=8549345360498088008
[92mINFO [0m:      [Fleet.PullMessages] node_id=8549345360498088008
[92mINFO [0m:      [Fleet.PullMessages] node_id=8549345360498088008
[92mINFO [0m:      [Fleet.PullMessages] node_id=8549345360498088008
[92mINFO [0m:      [Fleet.PullMessages] node_id=8549345360498088008
[92mINFO [0m:      [Fleet.PullMessages] node_id=8549345360498088008
[92mINFO [0m:      [Fleet.PullMessages] node_id=8549345360498088008
[92mINFO [0m:      [Fleet.PullMessages] node_id=8549345360498088008
[92mINFO [0m:      [Fleet.PullMessages] node_id=8549345360498088008
[92mINFO [0m:      [Fleet.PullMessages] node_id=8549345360498088008
[92mINFO [0m:      [Fleet.PullMessages] node_id=8549345360498088008
[92mINFO [0m:      [Fleet.PullMessages] node_id=8549345360498088008
[92mINFO [0m:      [Fleet.PullMessages] node_id=8549345360498088008
[92mINFO [0m:      [Fleet.PullMessages] node_id=8549345360498088008
[92mINFO [0m:      [Fleet.PushMessages] Push replies from node_id=1274389506632144046
[92mINFO [0m:      [Fleet.PullMessages] node_id=1274389506632144046
[92mINFO [0m:      [Fleet.PullMessages] node_id=8549345360498088008
[92mINFO [0m:      [Fleet.PushMessages] Push replies from node_id=4367155705390843133
[92mINFO [0m:      [Fleet.PullMessages] node_id=4367155705390843133
[92mINFO [0m:      [Fleet.PullMessages] node_id=1274389506632144046
[92mINFO [0m:      [Fleet.PullMessages] node_id=8549345360498088008
[92mINFO [0m:      [Fleet.PullMessages] node_id=4367155705390843133
[92mINFO [0m:      [Fleet.PullMessages] node_id=1274389506632144046
[92mINFO [0m:      ControlServicer.StreamLogs
[92mINFO [0m:      [Fleet.PushMessages] Push replies from node_id=8549345360498088008
[92mINFO [0m:      [Fleet.PullMessages] node_id=8549345360498088008
[92mINFO [0m:      [Fleet.PushMessages] Push replies from node_id=4367155705390843133
[92mINFO [0m:      [Fleet.PullMessages] node_id=4367155705390843133
[92mINFO [0m:      [Fleet.PushMessages] Push replies from node_id=1274389506632144046
[92mINFO [0m:      [Fleet.PullMessages] node_id=1274389506632144046
[92mINFO [0m:      [Fleet.PullMessages] node_id=8549345360498088008
[92mINFO [0m:      All logs for run ID `9262696620412784758` returned
[92mINFO [0m:      [Fleet.PullMessages] node_id=4367155705390843133
[92mINFO [0m:      [Fleet.PullMessages] node_id=1274389506632144046
[92mINFO [0m:      [Fleet.PullMessages] node_id=8549345360498088008
[92mINFO [0m:      [Fleet.PullMessages] node_id=4367155705390843133
[92mINFO [0m:      [Fleet.PullMessages] node_id=1274389506632144046
[92mINFO [0m:      [Fleet.PullMessages] node_id=8549345360498088008
[92mINFO [0m:      [Fleet.PullMessages] node_id=4367155705390843133
[92mINFO [0m:      [Fleet.PullMessages] node_id=1274389506632144046
[92mINFO [0m:      [Fleet.PullMessages] node_id=8549345360498088008
[92mINFO [0m:      [Fleet.PullMessages] node_id=4367155705390843133
[92mINFO [0m:      [Fleet.PullMessages] node_id=1274389506632144046
[92mINFO [0m:      [Fleet.PullMessages] node_id=8549345360498088008
[92mINFO [0m:      [Fleet.PullMessages] node_id=4367155705390843133
[92mINFO [0m:      [Fleet.PullMessages] node_id=1274389506632144046
[92mINFO [0m:      [Fleet.PullMessages] node_id=8549345360498088008
[92mINFO [0m:      [Fleet.PullMessages] node_id=4367155705390843133
[92mINFO [0m:      [Fleet.PullMessages] node_id=1274389506632144046
[92mINFO [0m:      [Fleet.PullMessages] node_id=8549345360498088008
[92mINFO [0m:      [Fleet.PullMessages] node_id=4367155705390843133
[92mINFO [0m:      [Fleet.PullMessages] node_id=1274389506632144046
[92mINFO [0m:      [Fleet.PullMessages] node_id=8549345360498088008
[92mINFO [0m:      [Fleet.PullMessages] node_id=4367155705390843133
[92mINFO [0m:      [Fleet.PullMessages] node_id=1274389506632144046
[92mINFO [0m:      [Fleet.PullMessages] node_id=8549345360498088008
[92mINFO [0m:      [Fleet.PullMessages] node_id=4367155705390843133
[92mINFO [0m:      [Fleet.PullMessages] node_id=1274389506632144046
[92mINFO [0m:      [Fleet.PullMessages] node_id=8549345360498088008
[92mINFO [0m:      [Fleet.PullMessages] node_id=4367155705390843133
[92mINFO [0m:      [Fleet.PullMessages] node_id=1274389506632144046
[92mINFO [0m:      [Fleet.PullMessages] node_id=8549345360498088008
[92mINFO [0m:      [Fleet.PullMessages] node_id=4367155705390843133
[92mINFO [0m:      [Fleet.PullMessages] node_id=1274389506632144046
[92mINFO [0m:      [Fleet.PullMessages] node_id=8549345360498088008
[92mINFO [0m:      [Fleet.PullMessages] node_id=4367155705390843133
[92mINFO [0m:      [Fleet.PullMessages] node_id=1274389506632144046
[92mINFO [0m:      [Fleet.PullMessages] node_id=8549345360498088008
[92mINFO [0m:      [Fleet.PullMessages] node_id=4367155705390843133
[92mINFO [0m:      [Fleet.PullMessages] node_id=1274389506632144046
[92mINFO [0m:      [Fleet.PullMessages] node_id=8549345360498088008
[92mINFO [0m:      [Fleet.PullMessages] node_id=4367155705390843133
[92mINFO [0m:      [Fleet.PullMessages] node_id=1274389506632144046
[92mINFO [0m:      [Fleet.PullMessages] node_id=8549345360498088008
[92mINFO [0m:      [Fleet.PullMessages] node_id=4367155705390843133
[92mINFO [0m:      [Fleet.PullMessages] node_id=1274389506632144046
[92mINFO [0m:      [Fleet.PullMessages] node_id=8549345360498088008
[92mINFO [0m:      [Fleet.PullMessages] node_id=4367155705390843133
[92mINFO [0m:      [Fleet.PullMessages] node_id=1274389506632144046
[92mINFO [0m:      [Fleet.PullMessages] node_id=8549345360498088008
[92mINFO [0m:      [Fleet.PullMessages] node_id=4367155705390843133
[92mINFO [0m:      [Fleet.PullMessages] node_id=1274389506632144046
[92mINFO [0m:      [Fleet.PullMessages] node_id=8549345360498088008
[92mINFO [0m:      [Fleet.PullMessages] node_id=4367155705390843133
[92mINFO [0m:      [Fleet.PullMessages] node_id=1274389506632144046
[92mINFO [0m:      [Fleet.PullMessages] node_id=8549345360498088008
[92mINFO [0m:      [Fleet.PullMessages] node_id=4367155705390843133
[92mINFO [0m:      [Fleet.PullMessages] node_id=1274389506632144046
[92mINFO [0m:      [Fleet.PullMessages] node_id=8549345360498088008
[92mINFO [0m:      [Fleet.PullMessages] node_id=4367155705390843133
[92mINFO [0m:      [Fleet.PullMessages] node_id=1274389506632144046
[92mINFO [0m:      [Fleet.PullMessages] node_id=8549345360498088008
[92mINFO [0m:      [Fleet.PullMessages] node_id=4367155705390843133
[92mINFO [0m:      [Fleet.PullMessages] node_id=1274389506632144046
[92mINFO [0m:      [Fleet.PullMessages] node_id=8549345360498088008
[92mINFO [0m:      [Fleet.PullMessages] node_id=4367155705390843133
[92mINFO [0m:      [Fleet.PullMessages] node_id=1274389506632144046
[92mINFO [0m:      [Fleet.PullMessages] node_id=8549345360498088008
[92mINFO [0m:      [Fleet.PullMessages] node_id=4367155705390843133
[92mINFO [0m:      [Fleet.PullMessages] node_id=1274389506632144046
[92mINFO [0m:      [Fleet.PullMessages] node_id=8549345360498088008
[92mINFO [0m:      [Fleet.PullMessages] node_id=4367155705390843133
[92mINFO [0m:      [Fleet.PullMessages] node_id=1274389506632144046
[92mINFO [0m:      [Fleet.PullMessages] node_id=8549345360498088008
[92mINFO [0m:      [Fleet.PullMessages] node_id=4367155705390843133
[92mINFO [0m:      [Fleet.PullMessages] node_id=1274389506632144046
[92mINFO [0m:      [Fleet.PullMessages] node_id=8549345360498088008
[92mINFO [0m:      [Fleet.PullMessages] node_id=4367155705390843133
[92mINFO [0m:      [Fleet.PullMessages] node_id=1274389506632144046
[92mINFO [0m:      [Fleet.PullMessages] node_id=8549345360498088008
[92mINFO [0m:      [Fleet.PullMessages] node_id=4367155705390843133
[92mINFO [0m:      [Fleet.PullMessages] node_id=1274389506632144046
[92mINFO [0m:      [Fleet.PullMessages] node_id=8549345360498088008
[92mINFO [0m:      [Fleet.PullMessages] node_id=4367155705390843133
[92mINFO [0m:      [Fleet.PullMessages] node_id=1274389506632144046
[92mINFO [0m:      [Fleet.PullMessages] node_id=8549345360498088008
[92mINFO [0m:      [Fleet.PullMessages] node_id=4367155705390843133
[92mINFO [0m:      [Fleet.PullMessages] node_id=1274389506632144046
[92mINFO [0m:      [Fleet.PullMessages] node_id=8549345360498088008
[92mINFO [0m:      [Fleet.PullMessages] node_id=4367155705390843133
[92mINFO [0m:      [Fleet.PullMessages] node_id=1274389506632144046
[92mINFO [0m:      [Fleet.PullMessages] node_id=8549345360498088008
[92mINFO [0m:      [Fleet.PullMessages] node_id=4367155705390843133
[92mINFO [0m:      [Fleet.PullMessages] node_id=1274389506632144046
[92mINFO [0m:      [Fleet.PullMessages] node_id=8549345360498088008
[92mINFO [0m:      [Fleet.PullMessages] node_id=4367155705390843133
[92mINFO [0m:      [Fleet.PullMessages] node_id=1274389506632144046
[92mINFO [0m:      [Fleet.PullMessages] node_id=8549345360498088008
[92mINFO [0m:      [Fleet.PullMessages] node_id=4367155705390843133
[92mINFO [0m:      [Fleet.PullMessages] node_id=1274389506632144046
[92mINFO [0m:      [Fleet.PullMessages] node_id=8549345360498088008
[92mINFO [0m:      [Fleet.PullMessages] node_id=4367155705390843133
[92mINFO [0m:      [Fleet.PullMessages] node_id=1274389506632144046
[92mINFO [0m:      [Fleet.PullMessages] node_id=8549345360498088008
[92mINFO [0m:      [Fleet.PullMessages] node_id=4367155705390843133
[92mINFO [0m:      [Fleet.PullMessages] node_id=1274389506632144046
[92mINFO [0m:      [Fleet.PullMessages] node_id=8549345360498088008
[92mINFO [0m:      [Fleet.PullMessages] node_id=4367155705390843133
[92mINFO [0m:      [Fleet.PullMessages] node_id=1274389506632144046
[92mINFO [0m:      [Fleet.PullMessages] node_id=8549345360498088008
[92mINFO [0m:      [Fleet.PullMessages] node_id=4367155705390843133
[92mINFO [0m:      [Fleet.PullMessages] node_id=1274389506632144046
[92mINFO [0m:      [Fleet.PullMessages] node_id=8549345360498088008
[92mINFO [0m:      [Fleet.PullMessages] node_id=4367155705390843133
[92mINFO [0m:      [Fleet.PullMessages] node_id=1274389506632144046
[92mINFO [0m:      [Fleet.PullMessages] node_id=8549345360498088008
[92mINFO [0m:      [Fleet.PullMessages] node_id=4367155705390843133
[92mINFO [0m:      [Fleet.PullMessages] node_id=1274389506632144046
[92mINFO [0m:      [Fleet.PullMessages] node_id=8549345360498088008
[92mINFO [0m:      [Fleet.PullMessages] node_id=4367155705390843133
[92mINFO [0m:      [Fleet.PullMessages] node_id=1274389506632144046
[92mINFO [0m:      [Fleet.PullMessages] node_id=8549345360498088008
[92mINFO [0m:      [Fleet.PullMessages] node_id=4367155705390843133
[92mINFO [0m:      [Fleet.PullMessages] node_id=1274389506632144046
[92mINFO [0m:      [Fleet.PullMessages] node_id=8549345360498088008
[92mINFO [0m:      [Fleet.PullMessages] node_id=4367155705390843133
[92mINFO [0m:      [Fleet.PullMessages] node_id=1274389506632144046
[92mINFO [0m:      [Fleet.PullMessages] node_id=8549345360498088008
[92mINFO [0m:      [Fleet.PullMessages] node_id=4367155705390843133
[92mINFO [0m:      [Fleet.PullMessages] node_id=1274389506632144046
[92mINFO [0m:      [Fleet.PullMessages] node_id=8549345360498088008
[92mINFO [0m:      [Fleet.PullMessages] node_id=4367155705390843133
[92mINFO [0m:      [Fleet.PullMessages] node_id=1274389506632144046
[92mINFO [0m:      [Fleet.PullMessages] node_id=8549345360498088008
[92mINFO [0m:      [Fleet.PullMessages] node_id=4367155705390843133
[92mINFO [0m:      [Fleet.PullMessages] node_id=1274389506632144046
[92mINFO [0m:      [Fleet.PullMessages] node_id=8549345360498088008
[92mINFO [0m:      [Fleet.PullMessages] node_id=4367155705390843133
[92mINFO [0m:      [Fleet.PullMessages] node_id=1274389506632144046
[92mINFO [0m:      [Fleet.PullMessages] node_id=8549345360498088008
[92mINFO [0m:      [Fleet.PullMessages] node_id=4367155705390843133
[92mINFO [0m:      [Fleet.PullMessages] node_id=1274389506632144046
[92mINFO [0m:      [Fleet.PullMessages] node_id=8549345360498088008
[92mINFO [0m:      [Fleet.PullMessages] node_id=4367155705390843133
[92mINFO [0m:      [Fleet.PullMessages] node_id=1274389506632144046
[92mINFO [0m:      [Fleet.PullMessages] node_id=8549345360498088008
[92mINFO [0m:      [Fleet.PullMessages] node_id=4367155705390843133
[92mINFO [0m:      [Fleet.PullMessages] node_id=1274389506632144046
[92mINFO [0m:      [Fleet.PullMessages] node_id=8549345360498088008
[92mINFO [0m:      [Fleet.PullMessages] node_id=4367155705390843133
[92mINFO [0m:      [Fleet.PullMessages] node_id=1274389506632144046
[92mINFO [0m:      [Fleet.PullMessages] node_id=8549345360498088008
[92mINFO [0m:      [Fleet.PullMessages] node_id=4367155705390843133
[92mINFO [0m:      [Fleet.PullMessages] node_id=1274389506632144046
[92mINFO [0m:      [Fleet.PullMessages] node_id=8549345360498088008
[92mINFO [0m:      [Fleet.PullMessages] node_id=4367155705390843133
[92mINFO [0m:      [Fleet.PullMessages] node_id=1274389506632144046
[92mINFO [0m:      [Fleet.PullMessages] node_id=8549345360498088008
[92mINFO [0m:      [Fleet.PullMessages] node_id=4367155705390843133
[92mINFO [0m:      [Fleet.PullMessages] node_id=1274389506632144046
[92mINFO [0m:      [Fleet.PullMessages] node_id=8549345360498088008
[92mINFO [0m:      [Fleet.PullMessages] node_id=4367155705390843133
[92mINFO [0m:      [Fleet.PullMessages] node_id=1274389506632144046
[92mINFO [0m:      [Fleet.PullMessages] node_id=8549345360498088008
[92mINFO [0m:      [Fleet.PullMessages] node_id=4367155705390843133
[92mINFO [0m:      [Fleet.PullMessages] node_id=1274389506632144046
[92mINFO [0m:      [Fleet.PullMessages] node_id=8549345360498088008
[92mINFO [0m:      [Fleet.PullMessages] node_id=4367155705390843133
[92mINFO [0m:      [Fleet.PullMessages] node_id=1274389506632144046
[92mINFO [0m:      [Fleet.PullMessages] node_id=8549345360498088008
[92mINFO [0m:      [Fleet.PullMessages] node_id=4367155705390843133
[92mINFO [0m:      [Fleet.PullMessages] node_id=1274389506632144046
[92mINFO [0m:      [Fleet.PullMessages] node_id=8549345360498088008
[92mINFO [0m:      [Fleet.PullMessages] node_id=4367155705390843133
[92mINFO [0m:      [Fleet.PullMessages] node_id=1274389506632144046
[92mINFO [0m:      [Fleet.PullMessages] node_id=8549345360498088008
[92mINFO [0m:      [Fleet.PullMessages] node_id=4367155705390843133
[92mINFO [0m:      [Fleet.PullMessages] node_id=1274389506632144046
[92mINFO [0m:      [Fleet.PullMessages] node_id=8549345360498088008
[92mINFO [0m:      [Fleet.PullMessages] node_id=4367155705390843133
[92mINFO [0m:      [Fleet.PullMessages] node_id=1274389506632144046
[92mINFO [0m:      [Fleet.PullMessages] node_id=8549345360498088008
[92mINFO [0m:      [Fleet.PullMessages] node_id=4367155705390843133
[92mINFO [0m:      [Fleet.PullMessages] node_id=1274389506632144046
[92mINFO [0m:      [Fleet.PullMessages] node_id=8549345360498088008
[92mINFO [0m:      [Fleet.PullMessages] node_id=4367155705390843133
[92mINFO [0m:      [Fleet.PullMessages] node_id=1274389506632144046
[92mINFO [0m:      [Fleet.PullMessages] node_id=8549345360498088008
[92mINFO [0m:      [Fleet.PullMessages] node_id=4367155705390843133
[92mINFO [0m:      [Fleet.PullMessages] node_id=1274389506632144046
[92mINFO [0m:      [Fleet.PullMessages] node_id=8549345360498088008
[92mINFO [0m:      [Fleet.PullMessages] node_id=4367155705390843133
[92mINFO [0m:      [Fleet.PullMessages] node_id=1274389506632144046
[92mINFO [0m:      [Fleet.PullMessages] node_id=8549345360498088008
[92mINFO [0m:      [Fleet.PullMessages] node_id=4367155705390843133
[92mINFO [0m:      [Fleet.PullMessages] node_id=1274389506632144046
[92mINFO [0m:      [Fleet.PullMessages] node_id=8549345360498088008
[92mINFO [0m:      [Fleet.PullMessages] node_id=4367155705390843133
[92mINFO [0m:      [Fleet.PullMessages] node_id=1274389506632144046
[92mINFO [0m:      [Fleet.PullMessages] node_id=8549345360498088008
[92mINFO [0m:      [Fleet.PullMessages] node_id=4367155705390843133
[92mINFO [0m:      [Fleet.PullMessages] node_id=1274389506632144046
[92mINFO [0m:      [Fleet.PullMessages] node_id=8549345360498088008
[92mINFO [0m:      [Fleet.PullMessages] node_id=4367155705390843133
[92mINFO [0m:      [Fleet.PullMessages] node_id=1274389506632144046
[92mINFO [0m:      [Fleet.PullMessages] node_id=8549345360498088008
[92mINFO [0m:      [Fleet.PullMessages] node_id=4367155705390843133
[92mINFO [0m:      [Fleet.PullMessages] node_id=1274389506632144046
[92mINFO [0m:      [Fleet.PullMessages] node_id=8549345360498088008
[92mINFO [0m:      [Fleet.PullMessages] node_id=4367155705390843133
[92mINFO [0m:      [Fleet.PullMessages] node_id=1274389506632144046
[92mINFO [0m:      [Fleet.PullMessages] node_id=8549345360498088008
[92mINFO [0m:      [Fleet.PullMessages] node_id=4367155705390843133
[92mINFO [0m:      [Fleet.PullMessages] node_id=1274389506632144046
[92mINFO [0m:      [Fleet.PullMessages] node_id=8549345360498088008
[92mINFO [0m:      [Fleet.PullMessages] node_id=4367155705390843133
[92mINFO [0m:      [Fleet.PullMessages] node_id=1274389506632144046
[92mINFO [0m:      [Fleet.PullMessages] node_id=8549345360498088008
[92mINFO [0m:      [Fleet.PullMessages] node_id=4367155705390843133
[92mINFO [0m:      [Fleet.PullMessages] node_id=1274389506632144046
[92mINFO [0m:      [Fleet.PullMessages] node_id=8549345360498088008
[92mINFO [0m:      [Fleet.PullMessages] node_id=4367155705390843133
[92mINFO [0m:      [Fleet.PullMessages] node_id=1274389506632144046
[92mINFO [0m:      [Fleet.PullMessages] node_id=8549345360498088008
[92mINFO [0m:      [Fleet.PullMessages] node_id=4367155705390843133
[92mINFO [0m:      [Fleet.PullMessages] node_id=1274389506632144046
[92mINFO [0m:      [Fleet.PullMessages] node_id=8549345360498088008
[92mINFO [0m:      [Fleet.PullMessages] node_id=4367155705390843133
[92mINFO [0m:      [Fleet.PullMessages] node_id=1274389506632144046
[92mINFO [0m:      [Fleet.PullMessages] node_id=8549345360498088008
[92mINFO [0m:      [Fleet.PullMessages] node_id=4367155705390843133
[92mINFO [0m:      [Fleet.PullMessages] node_id=1274389506632144046
[92mINFO [0m:      [Fleet.PullMessages] node_id=8549345360498088008
[92mINFO [0m:      [Fleet.PullMessages] node_id=4367155705390843133
[92mINFO [0m:      [Fleet.PullMessages] node_id=1274389506632144046
[92mINFO [0m:      [Fleet.PullMessages] node_id=8549345360498088008
[92mINFO [0m:      [Fleet.PullMessages] node_id=4367155705390843133
[92mINFO [0m:      [Fleet.PullMessages] node_id=1274389506632144046
[92mINFO [0m:      [Fleet.PullMessages] node_id=8549345360498088008
[92mINFO [0m:      [Fleet.PullMessages] node_id=4367155705390843133
[92mINFO [0m:      [Fleet.PullMessages] node_id=1274389506632144046
[92mINFO [0m:      [Fleet.PullMessages] node_id=8549345360498088008
[92mINFO [0m:      [Fleet.PullMessages] node_id=4367155705390843133
[92mINFO [0m:      [Fleet.PullMessages] node_id=1274389506632144046
[92mINFO [0m:      [Fleet.PullMessages] node_id=8549345360498088008
[92mINFO [0m:      [Fleet.PullMessages] node_id=4367155705390843133
[92mINFO [0m:      [Fleet.PullMessages] node_id=1274389506632144046
[92mINFO [0m:      [Fleet.PullMessages] node_id=8549345360498088008
[92mINFO [0m:      [Fleet.PullMessages] node_id=4367155705390843133
[92mINFO [0m:      [Fleet.PullMessages] node_id=1274389506632144046
[92mINFO [0m:      [Fleet.PullMessages] node_id=8549345360498088008
[92mINFO [0m:      [Fleet.PullMessages] node_id=4367155705390843133
[92mINFO [0m:      [Fleet.PullMessages] node_id=1274389506632144046
[92mINFO [0m:      [Fleet.PullMessages] node_id=8549345360498088008
[92mINFO [0m:      [Fleet.PullMessages] node_id=4367155705390843133
[92mINFO [0m:      [Fleet.PullMessages] node_id=1274389506632144046
[92mINFO [0m:      [Fleet.PullMessages] node_id=8549345360498088008
[92mINFO [0m:      [Fleet.PullMessages] node_id=4367155705390843133
[92mINFO [0m:      [Fleet.PullMessages] node_id=1274389506632144046
[92mINFO [0m:      [Fleet.PullMessages] node_id=8549345360498088008
[92mINFO [0m:      [Fleet.PullMessages] node_id=4367155705390843133
[92mINFO [0m:      [Fleet.PullMessages] node_id=1274389506632144046
[92mINFO [0m:      [Fleet.PullMessages] node_id=8549345360498088008
[92mINFO [0m:      [Fleet.PullMessages] node_id=4367155705390843133
[92mINFO [0m:      [Fleet.PullMessages] node_id=1274389506632144046
[92mINFO [0m:      [Fleet.PullMessages] node_id=8549345360498088008
[92mINFO [0m:      [Fleet.PullMessages] node_id=4367155705390843133
[92mINFO [0m:      [Fleet.PullMessages] node_id=1274389506632144046
[92mINFO [0m:      [Fleet.PullMessages] node_id=8549345360498088008
[92mINFO [0m:      [Fleet.PullMessages] node_id=4367155705390843133
[92mINFO [0m:      [Fleet.PullMessages] node_id=1274389506632144046
[92mINFO [0m:      [Fleet.PullMessages] node_id=8549345360498088008
[92mINFO [0m:      [Fleet.PullMessages] node_id=4367155705390843133
[92mINFO [0m:      [Fleet.PullMessages] node_id=1274389506632144046
[92mINFO [0m:      [Fleet.PullMessages] node_id=8549345360498088008
[92mINFO [0m:      [Fleet.PullMessages] node_id=4367155705390843133
[92mINFO [0m:      [Fleet.PullMessages] node_id=1274389506632144046
[92mINFO [0m:      [Fleet.PullMessages] node_id=8549345360498088008
[92mINFO [0m:      [Fleet.PullMessages] node_id=4367155705390843133
[92mINFO [0m:      [Fleet.PullMessages] node_id=1274389506632144046
[92mINFO [0m:      [Fleet.PullMessages] node_id=8549345360498088008
[92mINFO [0m:      [Fleet.PullMessages] node_id=4367155705390843133
[92mINFO [0m:      [Fleet.PullMessages] node_id=1274389506632144046
[92mINFO [0m:      [Fleet.PullMessages] node_id=8549345360498088008
[92mINFO [0m:      [Fleet.PullMessages] node_id=4367155705390843133
[92mINFO [0m:      [Fleet.PullMessages] node_id=1274389506632144046
[92mINFO [0m:      [Fleet.PullMessages] node_id=8549345360498088008
[92mINFO [0m:      [Fleet.PullMessages] node_id=4367155705390843133
[92mINFO [0m:      [Fleet.PullMessages] node_id=1274389506632144046
[92mINFO [0m:      [Fleet.PullMessages] node_id=8549345360498088008
[92mINFO [0m:      [Fleet.PullMessages] node_id=4367155705390843133
[92mINFO [0m:      [Fleet.PullMessages] node_id=1274389506632144046
[92mINFO [0m:      [Fleet.PullMessages] node_id=8549345360498088008
[92mINFO [0m:      [Fleet.PullMessages] node_id=4367155705390843133
[92mINFO [0m:      [Fleet.PullMessages] node_id=1274389506632144046
[92mINFO [0m:      [Fleet.PullMessages] node_id=8549345360498088008
[92mINFO [0m:      [Fleet.PullMessages] node_id=4367155705390843133
[92mINFO [0m:      [Fleet.PullMessages] node_id=1274389506632144046
[92mINFO [0m:      [Fleet.PullMessages] node_id=8549345360498088008
[92mINFO [0m:      [Fleet.PullMessages] node_id=4367155705390843133
[92mINFO [0m:      [Fleet.PullMessages] node_id=1274389506632144046
[92mINFO [0m:      [Fleet.PullMessages] node_id=8549345360498088008
[92mINFO [0m:      [Fleet.PullMessages] node_id=4367155705390843133
[92mINFO [0m:      [Fleet.PullMessages] node_id=1274389506632144046
[92mINFO [0m:      [Fleet.PullMessages] node_id=8549345360498088008
[92mINFO [0m:      [Fleet.PullMessages] node_id=4367155705390843133
[92mINFO [0m:      [Fleet.PullMessages] node_id=1274389506632144046
[92mINFO [0m:      [Fleet.PullMessages] node_id=8549345360498088008
[92mINFO [0m:      [Fleet.PullMessages] node_id=4367155705390843133
[92mINFO [0m:      [Fleet.PullMessages] node_id=1274389506632144046
[92mINFO [0m:      [Fleet.PullMessages] node_id=8549345360498088008
[92mINFO [0m:      [Fleet.PullMessages] node_id=4367155705390843133
[92mINFO [0m:      [Fleet.PullMessages] node_id=1274389506632144046
[92mINFO [0m:      [Fleet.PullMessages] node_id=8549345360498088008
[92mINFO [0m:      [Fleet.PullMessages] node_id=4367155705390843133
[92mINFO [0m:      [Fleet.PullMessages] node_id=1274389506632144046
[92mINFO [0m:      [Fleet.PullMessages] node_id=8549345360498088008
[92mINFO [0m:      [Fleet.PullMessages] node_id=4367155705390843133
[92mINFO [0m:      [Fleet.PullMessages] node_id=1274389506632144046
[92mINFO [0m:      [Fleet.PullMessages] node_id=8549345360498088008
[92mINFO [0m:      [Fleet.PullMessages] node_id=4367155705390843133
[92mINFO [0m:      [Fleet.PullMessages] node_id=1274389506632144046
[92mINFO [0m:      [Fleet.PullMessages] node_id=8549345360498088008
[92mINFO [0m:      [Fleet.PullMessages] node_id=4367155705390843133
[92mINFO [0m:      [Fleet.PullMessages] node_id=1274389506632144046
[92mINFO [0m:      [Fleet.PullMessages] node_id=8549345360498088008
[92mINFO [0m:      [Fleet.PullMessages] node_id=4367155705390843133
[92mINFO [0m:      [Fleet.PullMessages] node_id=1274389506632144046
[92mINFO [0m:      [Fleet.PullMessages] node_id=8549345360498088008
[92mINFO [0m:      [Fleet.PullMessages] node_id=4367155705390843133
[92mINFO [0m:      [Fleet.PullMessages] node_id=1274389506632144046
[92mINFO [0m:      [Fleet.PullMessages] node_id=8549345360498088008
[92mINFO [0m:      [Fleet.PullMessages] node_id=4367155705390843133
[92mINFO [0m:      [Fleet.PullMessages] node_id=1274389506632144046
[92mINFO [0m:      [Fleet.PullMessages] node_id=8549345360498088008
[92mINFO [0m:      [Fleet.PullMessages] node_id=4367155705390843133
[92mINFO [0m:      [Fleet.PullMessages] node_id=1274389506632144046
[92mINFO [0m:      [Fleet.PullMessages] node_id=8549345360498088008
[92mINFO [0m:      [Fleet.PullMessages] node_id=4367155705390843133
[92mINFO [0m:      [Fleet.PullMessages] node_id=1274389506632144046
[92mINFO [0m:      [Fleet.PullMessages] node_id=8549345360498088008
[92mINFO [0m:      [Fleet.PullMessages] node_id=4367155705390843133
[92mINFO [0m:      [Fleet.PullMessages] node_id=1274389506632144046
[92mINFO [0m:      [Fleet.PullMessages] node_id=8549345360498088008
[92mINFO [0m:      [Fleet.PullMessages] node_id=4367155705390843133
[92mINFO [0m:      [Fleet.PullMessages] node_id=1274389506632144046
[92mINFO [0m:      [Fleet.PullMessages] node_id=8549345360498088008
[92mINFO [0m:      [Fleet.PullMessages] node_id=4367155705390843133
[92mINFO [0m:      [Fleet.PullMessages] node_id=1274389506632144046
[92mINFO [0m:      [Fleet.PullMessages] node_id=8549345360498088008
[92mINFO [0m:      [Fleet.PullMessages] node_id=4367155705390843133
[92mINFO [0m:      [Fleet.PullMessages] node_id=1274389506632144046
[92mINFO [0m:      [Fleet.PullMessages] node_id=8549345360498088008
[92mINFO [0m:      [Fleet.PullMessages] node_id=4367155705390843133
[92mINFO [0m:      [Fleet.PullMessages] node_id=1274389506632144046
[92mINFO [0m:      [Fleet.PullMessages] node_id=8549345360498088008
[92mINFO [0m:      [Fleet.PullMessages] node_id=4367155705390843133
[92mINFO [0m:      [Fleet.PullMessages] node_id=1274389506632144046
[92mINFO [0m:      [Fleet.PullMessages] node_id=8549345360498088008
[92mINFO [0m:      [Fleet.PullMessages] node_id=4367155705390843133
[92mINFO [0m:      [Fleet.PullMessages] node_id=1274389506632144046
[92mINFO [0m:      [Fleet.PullMessages] node_id=8549345360498088008
[92mINFO [0m:      [Fleet.PullMessages] node_id=4367155705390843133
[92mINFO [0m:      [Fleet.PullMessages] node_id=1274389506632144046
[92mINFO [0m:      [Fleet.PullMessages] node_id=8549345360498088008
[92mINFO [0m:      [Fleet.PullMessages] node_id=4367155705390843133
[92mINFO [0m:      [Fleet.PullMessages] node_id=1274389506632144046
[92mINFO [0m:      [Fleet.PullMessages] node_id=8549345360498088008
[92mINFO [0m:      [Fleet.PullMessages] node_id=4367155705390843133
[92mINFO [0m:      [Fleet.PullMessages] node_id=1274389506632144046
[92mINFO [0m:      [Fleet.PullMessages] node_id=8549345360498088008
[92mINFO [0m:      [Fleet.PullMessages] node_id=4367155705390843133
[92mINFO [0m:      [Fleet.PullMessages] node_id=1274389506632144046
[92mINFO [0m:      [Fleet.PullMessages] node_id=8549345360498088008
[92mINFO [0m:      [Fleet.PullMessages] node_id=4367155705390843133
[92mINFO [0m:      [Fleet.PullMessages] node_id=1274389506632144046
[92mINFO [0m:      [Fleet.PullMessages] node_id=8549345360498088008
[92mINFO [0m:      [Fleet.PullMessages] node_id=4367155705390843133
[92mINFO [0m:      [Fleet.PullMessages] node_id=1274389506632144046
[92mINFO [0m:      [Fleet.PullMessages] node_id=8549345360498088008
[92mINFO [0m:      [Fleet.PullMessages] node_id=4367155705390843133
[92mINFO [0m:      [Fleet.PullMessages] node_id=1274389506632144046
[92mINFO [0m:      [Fleet.PullMessages] node_id=8549345360498088008
[92mINFO [0m:      [Fleet.PullMessages] node_id=4367155705390843133
[92mINFO [0m:      [Fleet.PullMessages] node_id=1274389506632144046
[92mINFO [0m:      [Fleet.PullMessages] node_id=8549345360498088008
[92mINFO [0m:      [Fleet.PullMessages] node_id=4367155705390843133
[92mINFO [0m:      [Fleet.PullMessages] node_id=1274389506632144046
[92mINFO [0m:      [Fleet.PullMessages] node_id=8549345360498088008
[92mINFO [0m:      [Fleet.PullMessages] node_id=4367155705390843133
[92mINFO [0m:      [Fleet.PullMessages] node_id=1274389506632144046
[92mINFO [0m:      [Fleet.PullMessages] node_id=8549345360498088008
[92mINFO [0m:      [Fleet.PullMessages] node_id=4367155705390843133
[92mINFO [0m:      [Fleet.PullMessages] node_id=1274389506632144046
[92mINFO [0m:      [Fleet.PullMessages] node_id=8549345360498088008
[92mINFO [0m:      [Fleet.PullMessages] node_id=4367155705390843133
[92mINFO [0m:      [Fleet.PullMessages] node_id=1274389506632144046
[92mINFO [0m:      [Fleet.PullMessages] node_id=8549345360498088008
[92mINFO [0m:      [Fleet.PullMessages] node_id=4367155705390843133
[92mINFO [0m:      [Fleet.PullMessages] node_id=1274389506632144046
[92mINFO [0m:      [Fleet.PullMessages] node_id=8549345360498088008
[92mINFO [0m:      [Fleet.PullMessages] node_id=4367155705390843133
[92mINFO [0m:      [Fleet.PullMessages] node_id=1274389506632144046
[92mINFO [0m:      [Fleet.PullMessages] node_id=8549345360498088008
[92mINFO [0m:      [Fleet.PullMessages] node_id=4367155705390843133
[92mINFO [0m:      [Fleet.PullMessages] node_id=1274389506632144046
[92mINFO [0m:      [Fleet.PullMessages] node_id=8549345360498088008
[92mINFO [0m:      [Fleet.PullMessages] node_id=4367155705390843133
[92mINFO [0m:      [Fleet.PullMessages] node_id=1274389506632144046
[92mINFO [0m:      [Fleet.PullMessages] node_id=8549345360498088008
[92mINFO [0m:      [Fleet.PullMessages] node_id=4367155705390843133
[92mINFO [0m:      [Fleet.PullMessages] node_id=1274389506632144046
[92mINFO [0m:      [Fleet.PullMessages] node_id=8549345360498088008
[92mINFO [0m:      [Fleet.PullMessages] node_id=4367155705390843133
[92mINFO [0m:      [Fleet.PullMessages] node_id=1274389506632144046
[92mINFO [0m:      [Fleet.PullMessages] node_id=8549345360498088008
[92mINFO [0m:      [Fleet.PullMessages] node_id=4367155705390843133
[92mINFO [0m:      [Fleet.PullMessages] node_id=1274389506632144046
[92mINFO [0m:      [Fleet.PullMessages] node_id=8549345360498088008
[92mINFO [0m:      [Fleet.PullMessages] node_id=4367155705390843133
[92mINFO [0m:      [Fleet.PullMessages] node_id=1274389506632144046
[92mINFO [0m:      [Fleet.PullMessages] node_id=8549345360498088008
[92mINFO [0m:      [Fleet.PullMessages] node_id=4367155705390843133
[92mINFO [0m:      [Fleet.PullMessages] node_id=1274389506632144046
[92mINFO [0m:      [Fleet.PullMessages] node_id=8549345360498088008
[92mINFO [0m:      [Fleet.PullMessages] node_id=4367155705390843133
[92mINFO [0m:      [Fleet.PullMessages] node_id=1274389506632144046
[92mINFO [0m:      [Fleet.PullMessages] node_id=8549345360498088008
[92mINFO [0m:      [Fleet.PullMessages] node_id=4367155705390843133
[92mINFO [0m:      [Fleet.PullMessages] node_id=1274389506632144046
[92mINFO [0m:      [Fleet.PullMessages] node_id=8549345360498088008
[92mINFO [0m:      [Fleet.PullMessages] node_id=4367155705390843133
[92mINFO [0m:      [Fleet.PullMessages] node_id=1274389506632144046
[92mINFO [0m:      [Fleet.PullMessages] node_id=8549345360498088008
[92mINFO [0m:      [Fleet.PullMessages] node_id=4367155705390843133
[92mINFO [0m:      [Fleet.PullMessages] node_id=1274389506632144046
[92mINFO [0m:      [Fleet.PullMessages] node_id=8549345360498088008
[92mINFO [0m:      [Fleet.PullMessages] node_id=4367155705390843133
[92mINFO [0m:      [Fleet.PullMessages] node_id=1274389506632144046
[92mINFO [0m:      [Fleet.PullMessages] node_id=8549345360498088008
[92mINFO [0m:      [Fleet.PullMessages] node_id=4367155705390843133
[92mINFO [0m:      [Fleet.PullMessages] node_id=1274389506632144046
[92mINFO [0m:      [Fleet.PullMessages] node_id=8549345360498088008
[92mINFO [0m:      [Fleet.PullMessages] node_id=4367155705390843133
[92mINFO [0m:      [Fleet.PullMessages] node_id=1274389506632144046
[92mINFO [0m:      [Fleet.PullMessages] node_id=8549345360498088008
[92mINFO [0m:      [Fleet.PullMessages] node_id=4367155705390843133
[92mINFO [0m:      [Fleet.PullMessages] node_id=1274389506632144046
[92mINFO [0m:      [Fleet.PullMessages] node_id=8549345360498088008
[92mINFO [0m:      [Fleet.PullMessages] node_id=4367155705390843133
[92mINFO [0m:      [Fleet.PullMessages] node_id=1274389506632144046
[92mINFO [0m:      [Fleet.PullMessages] node_id=8549345360498088008
[92mINFO [0m:      [Fleet.PullMessages] node_id=4367155705390843133
[92mINFO [0m:      [Fleet.PullMessages] node_id=1274389506632144046
[92mINFO [0m:      [Fleet.PullMessages] node_id=8549345360498088008
[92mINFO [0m:      [Fleet.PullMessages] node_id=4367155705390843133
[92mINFO [0m:      [Fleet.PullMessages] node_id=1274389506632144046
[92mINFO [0m:      [Fleet.PullMessages] node_id=8549345360498088008
[92mINFO [0m:      [Fleet.PullMessages] node_id=4367155705390843133
[92mINFO [0m:      [Fleet.PullMessages] node_id=1274389506632144046
[92mINFO [0m:      [Fleet.PullMessages] node_id=8549345360498088008
[92mINFO [0m:      [Fleet.PullMessages] node_id=4367155705390843133
[92mINFO [0m:      [Fleet.PullMessages] node_id=1274389506632144046
[92mINFO [0m:      [Fleet.PullMessages] node_id=8549345360498088008
[92mINFO [0m:      [Fleet.PullMessages] node_id=4367155705390843133
[92mINFO [0m:      [Fleet.PullMessages] node_id=1274389506632144046
[92mINFO [0m:      [Fleet.PullMessages] node_id=8549345360498088008
